 
                                      R e s u l t s                                       
 
              Linear Static Analysis for Planar Truss and Beam Structures
 
 
 Input file: plane_truss_triangle_U.out
 
 
                        S u m m a r y   F E   M o d e l   S i z e
 
                              Number of Nodes       3
                              Number of Elements    3
                                     incl.  Rods    3
                                     incl. Beams    0
                              Total Number of DOFs  6
                              Number of SPCs        3
                              Number of Loads       0
 

 
                          N o d a l    D i s p l a c e m e n t s

nid     u_x             u_y             u_R            
1       0.0000e+00      0.0000e+00
2       1.0000e-02     -3.4641e-03
3      -8.4846e-19      0.0000e+00

 
                        N o d a l   R e a c t i o n   F o r c e s

nid     RF_x            RF_y            RM             
1      -6.0000e-02     -3.4641e-02
2       6.0000e-02      1.5586e-33
3       7.4516e-34      3.4641e-02

 
                            E l e m e n t a l   S t r a i n s

eid     Pt. 1           Pt. 2          
1       6.9282e-03      6.9282e-03
2      -3.4641e-03     -3.4641e-03
3       7.3479e-19      7.3479e-19

 
                           E l e m e n t a l   S t r e s s e s

eid     Pt. 1           Pt. 2          
1       1.3856e-01      1.3856e-01
2      -6.9282e-02     -6.9282e-02
3       1.4696e-17      1.4696e-17
 

                               E n d   o f   R e s u l t s 