 
                                      R e s u l t s                                       
 
              Linear Static Analysis for Planar Truss and Beam Structures
 
 
 Input file: ws_09_10.out
 
 
                        S u m m a r y   F E   M o d e l   S i z e
 
                              Number of Nodes       3
                              Number of Elements    2
                                     incl.  Rods    1
                                     incl. Beams    1
                              Total Number of DOFs  8
                              Number of SPCs        2
                              Number of Loads       1
 

 
                          N o d a l    D i s p l a c e m e n t s

nid     u_x             u_y             u_R            
1       0.0000e+00      0.0000e+00
2      -2.5930e-01     -2.4452e+00      6.2867e-01
3       0.0000e+00      0.0000e+00      0.0000e+00

 
                        N o d a l   R e a c t i o n   F o r c e s

nid     RF_x            RF_y            RM             
1      -2.5930e+03      1.4971e+03
2       4.5475e-13      1.2733e-11      1.0000e+06
3       2.5930e+03     -1.4971e+03      4.9707e+05

 
                            E l e m e n t a l   S t r a i n s

eid     Pt. 1           Pt. 2          
1      -9.9804e-04     -9.9804e-04
2      -2.8840e-03      3.4026e-03

 
                           E l e m e n t a l   S t r e s s e s

eid     Pt. 1           Pt. 2          
1      -1.9961e+02     -1.9961e+02
2      -5.7681e+02      6.8053e+02
 

                               E n d   o f   R e s u l t s 